// Jest Snapshot v1, https://goo.gl/fbAQLP

exports[`Rootstate should not change unexpected 1`] = `
Object {
  "requests": 0,
}
`;
