// Jest Snapshot v1, https://goo.gl/fbAQLP

exports[`text-snippets/mutations setError should set error 1`] = `
Object {
  "message": "message",
  "name": "name",
}
`;

exports[`text-snippets/mutations setList should set list 1`] = `
Object {
  "0": Object {
    "id": "1",
  },
}
`;
